// Vitest Snapshot v1, https://vitest.dev/guide/snapshot.html

exports[`CSVConverter > should export CSV data 1`] = `
"productId,variantId,title,description,vendor,vendorCode,saleDate,categoryId,countryOfOrigin,images,videos,price,oldPrice,additionalExpenses,purchasePrice,cofinancePrice,currency,url,minQuantity,stepQuantity,disabled,available,codesTN,barcode,weight,boxCount,dimensions,vat,count,params,age.unit,age.value,tags,adult,downloadable,validityPeriod,validityComment,serviceLifePeriod,serviceLifeComment,warrantyPeriod,warrantyComment,manufacturerWarranty,certificate,category,Param [p1],Param [p2],parentId
1,1111,Title,Description,Nike,NIKE-1111,01.01.2020,1,Китай,\\"image1,image2\\",,19000,20000,1000,15000,0,RUR,,1,1,false,true,code,567890567893,0.15,1,12/32/43,VAT_20,24,\\"p1=v1,p2=v2\\",year,6,\\"Nike,Кроссовки\\",false,false,,,,,,,true,111,Обувь,v1,v2,
1,1112,Title,Description,Nike,NIKE-1111,01.01.2020,1,Китай,\\"image1,image2\\",,19000,20000,1000,15000,0,RUR,,1,1,false,true,code,567890567893,0.15,1,12/32/43,VAT_20,24,\\"p1=v1,p2=v2\\",year,6,\\"Nike,Кроссовки\\",false,false,,,,,,,true,111,Обувь,v1,v2,1111"
`;

exports[`CSVConverter > should export CSV data 2`] = `
"productId,variantId,title,description,vendor,vendorCode,saleDate,categoryId,countryOfOrigin,images,videos,price,oldPrice,additionalExpenses,purchasePrice,cofinancePrice,currency,url,minQuantity,stepQuantity,disabled,available,codesTN,barcode,weight,boxCount,dimensions,vat,count,params,age.unit,age.value,tags,adult,downloadable,validityPeriod,validityComment,serviceLifePeriod,serviceLifeComment,warrantyPeriod,warrantyComment,manufacturerWarranty,certificate,category,parentId
1,1111,Title,Description,Nike,NIKE-1111,01.01.2020,1,Китай,\\"image1,image2\\",,19000,20000,1000,15000,0,RUR,,1,1,false,true,code,567890567893,0.15,1,12/32/43,VAT_20,24,\\"p1=v1,p2=v2\\",year,6,\\"Nike,Кроссовки\\",false,false,,,,,,,true,111,Обувь,
1,1112,Title,Description,Nike,NIKE-1111,01.01.2020,1,Китай,\\"image1,image2\\",,19000,20000,1000,15000,0,RUR,,1,1,false,true,code,567890567893,0.15,1,12/32/43,VAT_20,24,\\"p1=v1,p2=v2\\",year,6,\\"Nike,Кроссовки\\",false,false,,,,,,,true,111,Обувь,1111"
`;
