// Vitest Snapshot v1, https://vitest.dev/guide/snapshot.html

exports[`CSV formatter > should export CSV data with split parameters 1`] = `
"productId,variantId,title,description,vendor,vendorCode,saleDate,categoryId,countryOfOrigin,images,videos,price,oldPrice,additionalExpenses,purchasePrice,cofinancePrice,currency,url,minQuantity,stepQuantity,disabled,available,codesTN,barcode,weight,boxCount,dimensions,vat,count,params,properties,age.unit,age.value,tags,adult,downloadable,validityPeriod,validityComment,serviceLifePeriod,serviceLifeComment,warrantyPeriod,warrantyComment,manufacturerWarranty,certificate,keywords,sizes,relatedProducts,seriesName,category,Param [param1],Param [param2],Property [prop1],Property [prop2],Size [UK],parentId,Param [size],Param [color],Property [seasons]
1,1111,Title,Description,Nike,NIKE-1111,01.01.2020,1,Китай,\\"image1,image2\\",,19000,20000,1000,15000,0,RUR,,1,1,false,true,code,567890567893,0.15,1,12/32/43,VAT_20,24,\\"param1=v1,param2=v2\\",\\"[{\\"\\"key\\"\\":\\"\\"prop1\\"\\",\\"\\"value\\"\\":\\"\\"v1\\"\\"},{\\"\\"key\\"\\":\\"\\"prop2\\"\\",\\"\\"value\\"\\":\\"\\"v2\\"\\"}]\\",year,6,\\"Nike,Кроссовки\\",false,false,,,,,,,true,111,\\"Обувь,Кроссовки\\",,1234,Jordan 4,Обувь,v1,v2,v1,v2,\\"36,37,38,39\\",,,,
1,1112,Title,Description,Nike,NIKE-1111,01.01.2020,1,Китай,\\"image1,image2\\",,19000,20000,1000,15000,0,RUR,,1,1,false,true,code,567890567893,0.15,1,12/32/43,VAT_20,24,\\"size=44,color=white\\",\\"[{\\"\\"key\\"\\":\\"\\"seasons\\"\\",\\"\\"value\\"\\":\\"\\"spring, summer\\"\\"}]\\",year,6,\\"Nike,Кроссовки\\",false,false,,,,,,,true,111,,,,Jordan 4,Обувь,,,,,,1111,44,white,\\"spring, summer\\""
`;

exports[`CSV formatter > should export CSV data without split parameters 1`] = `
"productId,variantId,title,description,vendor,vendorCode,saleDate,categoryId,countryOfOrigin,images,videos,price,oldPrice,additionalExpenses,purchasePrice,cofinancePrice,currency,url,minQuantity,stepQuantity,disabled,available,codesTN,barcode,weight,boxCount,dimensions,vat,count,params,properties,age.unit,age.value,tags,adult,downloadable,validityPeriod,validityComment,serviceLifePeriod,serviceLifeComment,warrantyPeriod,warrantyComment,manufacturerWarranty,certificate,keywords,sizes,relatedProducts,seriesName,category,Size [UK],parentId
1,1111,Title,Description,Nike,NIKE-1111,01.01.2020,1,Китай,\\"image1,image2\\",,19000,20000,1000,15000,0,RUR,,1,1,false,true,code,567890567893,0.15,1,12/32/43,VAT_20,24,\\"param1=v1,param2=v2\\",\\"[{\\"\\"key\\"\\":\\"\\"prop1\\"\\",\\"\\"value\\"\\":\\"\\"v1\\"\\"},{\\"\\"key\\"\\":\\"\\"prop2\\"\\",\\"\\"value\\"\\":\\"\\"v2\\"\\"}]\\",year,6,\\"Nike,Кроссовки\\",false,false,,,,,,,true,111,\\"Обувь,Кроссовки\\",,1234,Jordan 4,Обувь,\\"36,37,38,39\\",
1,1112,Title,Description,Nike,NIKE-1111,01.01.2020,1,Китай,\\"image1,image2\\",,19000,20000,1000,15000,0,RUR,,1,1,false,true,code,567890567893,0.15,1,12/32/43,VAT_20,24,\\"size=44,color=white\\",\\"[{\\"\\"key\\"\\":\\"\\"seasons\\"\\",\\"\\"value\\"\\":\\"\\"spring, summer\\"\\"}]\\",year,6,\\"Nike,Кроссовки\\",false,false,,,,,,,true,111,,,,Jordan 4,Обувь,,1111"
`;

exports[`CSV formatter > should export CSV data without split parameters 2`] = `
"productId,variantId,title,description,vendor,vendorCode,saleDate,categoryId,countryOfOrigin,images,videos,price,oldPrice,additionalExpenses,purchasePrice,cofinancePrice,currency,url,minQuantity,stepQuantity,disabled,available,codesTN,barcode,weight,boxCount,dimensions,vat,count,params,properties,age.unit,age.value,tags,adult,downloadable,validityPeriod,validityComment,serviceLifePeriod,serviceLifeComment,warrantyPeriod,warrantyComment,manufacturerWarranty,certificate,keywords,sizes,relatedProducts,seriesName,category,Param [param1],Param [param2],Property [prop1],Property [prop2],Size [UK],parentId,Param [size],Param [color],Property [seasons]
1,1111,Title,Description,Nike,NIKE-1111,01.01.2020,1,Китай,\\"image1,image2\\",,19000,20000,1000,15000,0,RUR,,1,1,false,true,code,567890567893,0.15,1,12/32/43,VAT_20,24,\\"param1=v1,param2=v2\\",\\"[{\\"\\"key\\"\\":\\"\\"prop1\\"\\",\\"\\"value\\"\\":\\"\\"v1\\"\\"},{\\"\\"key\\"\\":\\"\\"prop2\\"\\",\\"\\"value\\"\\":\\"\\"v2\\"\\"}]\\",year,6,\\"Nike,Кроссовки\\",false,false,,,,,,,true,111,\\"Обувь,Кроссовки\\",,1234,Jordan 4,Обувь,v1,v2,v1,v2,\\"36,37,38,39\\",,,,
1,1112,Title,Description,Nike,NIKE-1111,01.01.2020,1,Китай,\\"image1,image2\\",,19000,20000,1000,15000,0,RUR,,1,1,false,true,code,567890567893,0.15,1,12/32/43,VAT_20,24,\\"size=44,color=white\\",\\"[{\\"\\"key\\"\\":\\"\\"seasons\\"\\",\\"\\"value\\"\\":\\"\\"spring, summer\\"\\"}]\\",year,6,\\"Nike,Кроссовки\\",false,false,,,,,,,true,111,,,,Jordan 4,Обувь,,,,,,1111,44,white,\\"spring, summer\\""
`;
