// Vitest Snapshot v1, https://vitest.dev/guide/snapshot.html

exports[`GoodsExporter > check export with formatter 1`] = `
"url;productId;parentId;variantId;title;description;vendor;vendorCode;category;images;videos;timeDeliveryMin;timeDeliveryMax;price;oldPrice;purchasePrice;currency;saleDate;countryOfOrigin;tags;codesTN;params;properties;sizes;keywords;relatedProducts;vendorId;categoryId;additionalExpenses;minQuantity;stepQuantity;available;barcode;weight;boxCount;dimensions;vat;count;favoriteCount;age;manufacturerWarranty;certificate;seriesName;gender
http://localhost:8080/?param1=value1&param2=value2;1;;1111;Title;Description;Nike;NIKE-1111;Обувь;image1,image2;;;;19000;20000;15000;RUR;01.01.2020;Китай;Nike,Кроссовки;code;param1=v1, param2=v2;prop1=v1, prop2=v2;UK=36,37,38,39;Обувь,Кроссовки;1234;2;1;1000;1;1;true;567890567893;0.15;1;12/32/43;VAT_20;24;314;[object Object];true;111;Jordan 4;Мужское
;1;1111;1112;Title;Description;Nike;NIKE-1111;Обувь;image1,image2;;;;19000;20000;15000;RUR;01.01.2020;Китай;Nike,Кроссовки;code;size=44, color=white;seasons=spring, summer;;;;2;1;1000;1;1;true;567890567893;0.15;1;12/32/43;VAT_20;24;900;[object Object];true;111;Jordan 4;
"
`;

exports[`GoodsExporter > check export with transformers 1`] = `
"<?xml version="1.0" encoding="UTF-8" standalone="yes"?>
<yml_catalog date="2023-01-01T00:00:00">
<shop>
<categories>
  <category id="1" parentId="2">Обувь</category>
  <category id="2" parentId="3">Одежда, обувь и аксессуары</category>
  <category id="3" parentId="">Все товары</category>
</categories>

<offers>
<offer id="1111">
  <name>Title</name>
  <price>29000</price>
  <oldprice>20000</oldprice>
  <purchase_price>15000</purchase_price>
  <additional_expenses>1000</additional_expenses>
  <cofinance_price>0</cofinance_price>
  <currencyId>RUR</currencyId>
  <categoryId>1</categoryId>
  <vendorId>2</vendorId>
  <vendor>Nike</vendor>
  <vendorCode>NIKE-1111</vendorCode>
  <picture>pic1</picture>
  <picture>pic2</picture>
  <available>true</available>
  <series>Jordan 4</series>
  <min-quantity>1</min-quantity>
  <step-quantity>1</step-quantity>
  <size name="UK" delimiter=",">36,37,38,39</size>
  <keyword>Обувь</keyword>
  <keyword>Кроссовки</keyword>
  <saleDate>01.01.2020</saleDate>
  <property name="prop1">v1</property>
  <property name="prop2">v2</property>
  <param name="param1">v1</param>
  <param name="param2">v2</param>
  <description>
    <![CDATA[Description]]>
  </description>
  <country_of_origin>Китай</country_of_origin>
  <barcode>567890567893</barcode>
  <vat>VAT_20</vat>
  <count>24</count>
  <set-ids>Nike, Кроссовки</set-ids>
  <adult>false</adult>
  <downloadable>false</downloadable>
  <period-of-validity-days></period-of-validity-days>
  <comment-validity-days></comment-validity-days>
  <service-life-days></service-life-days>
  <comment-life-days></comment-life-days>
  <warranty-days></warranty-days>
  <comment-warranty></comment-warranty>
  <manufacturer_warranty>true</manufacturer_warranty>
  <certificate>111</certificate>
  <url>http://localhost:8080/?param1=value1&amp;param2=value2</url>
  <weight>0.15</weight>
  <dimensions>12/32/43</dimensions>
  <boxCount>1</boxCount>
  <disabled>false</disabled>
  <age unit="year">6</age>
  <tn-ved-codes>
    <tn-ved-code>code</tn-ved-code>
  </tn-ved-codes>
  <relatedProduct>1234</relatedProduct>
  <gender>Мужское</gender>
</offer>

<offer id="1112" group_id="1111">
  <name>Title</name>
  <price>29000</price>
  <oldprice>20000</oldprice>
  <purchase_price>15000</purchase_price>
  <additional_expenses>1000</additional_expenses>
  <cofinance_price>0</cofinance_price>
  <currencyId>RUR</currencyId>
  <categoryId>1</categoryId>
  <vendorId>2</vendorId>
  <vendor>Nike</vendor>
  <vendorCode>NIKE-1111</vendorCode>
  <picture>pic1</picture>
  <picture>pic2</picture>
  <available>true</available>
  <series>Jordan 4</series>
  <min-quantity>1</min-quantity>
  <step-quantity>1</step-quantity>
  <saleDate>01.01.2020</saleDate>
  <property name="seasons">spring, summer</property>
  <param name="size">44</param>
  <param name="color">white</param>
  <description>
    <![CDATA[Description]]>
  </description>
  <country_of_origin>Китай</country_of_origin>
  <barcode>567890567893</barcode>
  <vat>VAT_20</vat>
  <count>24</count>
  <set-ids>Nike, Кроссовки</set-ids>
  <adult>false</adult>
  <downloadable>false</downloadable>
  <period-of-validity-days></period-of-validity-days>
  <comment-validity-days></comment-validity-days>
  <service-life-days></service-life-days>
  <comment-life-days></comment-life-days>
  <warranty-days></warranty-days>
  <comment-warranty></comment-warranty>
  <manufacturer_warranty>true</manufacturer_warranty>
  <certificate>111</certificate>
  <weight>0.15</weight>
  <dimensions>12/32/43</dimensions>
  <boxCount>1</boxCount>
  <disabled>false</disabled>
  <age unit="year">6</age>
  <tn-ved-codes>
    <tn-ved-code>code</tn-ved-code>
  </tn-ved-codes>
</offer>

</offers>
</shop>
</yml_catalog>
"
`;

exports[`GoodsExporter > check export without transformers 1`] = `
"url;productId;parentId;variantId;title;description;vendor;vendorCode;category;images;videos;timeDeliveryMin;timeDeliveryMax;price;oldPrice;purchasePrice;currency;saleDate;countryOfOrigin;tags;codesTN;params;properties;sizes;keywords;relatedProducts;vendorId;categoryId;additionalExpenses;minQuantity;stepQuantity;available;barcode;weight;boxCount;dimensions;vat;count;favoriteCount;age;manufacturerWarranty;certificate;seriesName;gender
http://localhost:8080/?param1=value1&param2=value2;1;;1111;Title;Description;Nike;NIKE-1111;Обувь;pic1,pic2;;;;29000;20000;15000;RUR;01.01.2020;Китай;Nike,Кроссовки;code;param1=v1, param2=v2;prop1=v1, prop2=v2;UK=36,37,38,39;Обувь,Кроссовки;1234;2;1;1000;1;1;true;567890567893;0.15;1;12/32/43;VAT_20;24;314;[object Object];true;111;Jordan 4;Мужское
;1;1111;1112;Title;Description;Nike;NIKE-1111;Обувь;pic1,pic2;;;;29000;20000;15000;RUR;01.01.2020;Китай;Nike,Кроссовки;code;size=44, color=white;seasons=spring, summer;;;;2;1;1000;1;1;true;567890567893;0.15;1;12/32/43;VAT_20;24;900;[object Object];true;111;Jordan 4;
"
`;
