// Vitest Snapshot v1, https://vitest.dev/guide/snapshot.html

exports[`Tilda formatter > should export Tilda csv data 1`] = `
PassThrough {
  "_events": {
    "prefinish": [Function],
  },
  "_eventsCount": 1,
  "_maxListeners": undefined,
  "_readableState": ReadableState {
    "autoDestroy": true,
    "awaitDrainWriters": null,
    "buffer": BufferList {
      "head": {
        "data": {
          "data": [
            83,
            75,
            85,
            59,
            66,
            114,
            97,
            110,
            100,
            59,
            67,
            97,
            116,
            101,
            103,
            111,
            114,
            121,
            59,
            84,
            105,
            116,
            108,
            101,
            59,
            84,
            101,
            120,
            116,
            59,
            80,
            104,
            111,
            116,
            111,
            59,
            80,
            114,
            105,
            99,
            101,
            59,
            80,
            114,
            105,
            99,
            101,
            32,
            79,
            108,
            100,
            59,
            81,
            117,
            97,
            110,
            116,
            105,
            116,
            121,
            59,
            69,
            100,
            105,
            116,
            105,
            111,
            110,
            115,
            59,
            69,
            120,
            116,
            101,
            114,
            110,
            97,
            108,
            32,
            73,
            68,
            59,
            80,
            97,
            114,
            101,
            110,
            116,
            32,
            85,
            73,
            68,
            10,
          ],
          "type": "Buffer",
        },
        "next": {
          "data": {
            "data": [
              78,
              73,
              75,
              69,
              45,
              49,
              49,
              49,
              49,
              59,
              78,
              105,
              107,
              101,
              59,
              208,
              158,
              208,
              177,
              209,
              131,
              208,
              178,
              209,
              140,
              59,
              84,
              105,
              116,
              108,
              101,
              59,
              68,
              101,
              115,
              99,
              114,
              105,
              112,
              116,
              105,
              111,
              110,
              59,
              105,
              109,
              97,
              103,
              101,
              49,
              59,
              105,
              109,
              97,
              103,
              101,
              50,
              59,
              49,
              57,
              48,
              48,
              48,
              59,
              50,
              48,
              48,
              48,
              48,
              59,
              50,
              52,
              59,
              112,
              97,
              114,
              97,
              109,
              49,
              58,
              118,
              49,
              59,
              112,
              97,
              114,
              97,
              109,
              50,
              58,
              118,
              50,
              59,
              49,
              49,
              49,
              49,
              59,
              10,
            ],
            "type": "Buffer",
          },
          "next": {
            "data": {
              "data": [
                78,
                73,
                75,
                69,
                45,
                49,
                49,
                49,
                49,
                59,
                78,
                105,
                107,
                101,
                59,
                208,
                158,
                208,
                177,
                209,
                131,
                208,
                178,
                209,
                140,
                59,
                84,
                105,
                116,
                108,
                101,
                59,
                68,
                101,
                115,
                99,
                114,
                105,
                112,
                116,
                105,
                111,
                110,
                59,
                105,
                109,
                97,
                103,
                101,
                49,
                59,
                105,
                109,
                97,
                103,
                101,
                50,
                59,
                49,
                57,
                48,
                48,
                48,
                59,
                50,
                48,
                48,
                48,
                48,
                59,
                50,
                52,
                59,
                115,
                105,
                122,
                101,
                58,
                52,
                52,
                59,
                99,
                111,
                108,
                111,
                114,
                58,
                119,
                104,
                105,
                116,
                101,
                59,
                49,
                49,
                49,
                50,
                59,
                49,
                49,
                49,
                49,
                10,
              ],
              "type": "Buffer",
            },
            "next": null,
          },
        },
      },
      "length": 3,
      "tail": {
        "data": {
          "data": [
            78,
            73,
            75,
            69,
            45,
            49,
            49,
            49,
            49,
            59,
            78,
            105,
            107,
            101,
            59,
            208,
            158,
            208,
            177,
            209,
            131,
            208,
            178,
            209,
            140,
            59,
            84,
            105,
            116,
            108,
            101,
            59,
            68,
            101,
            115,
            99,
            114,
            105,
            112,
            116,
            105,
            111,
            110,
            59,
            105,
            109,
            97,
            103,
            101,
            49,
            59,
            105,
            109,
            97,
            103,
            101,
            50,
            59,
            49,
            57,
            48,
            48,
            48,
            59,
            50,
            48,
            48,
            48,
            48,
            59,
            50,
            52,
            59,
            115,
            105,
            122,
            101,
            58,
            52,
            52,
            59,
            99,
            111,
            108,
            111,
            114,
            58,
            119,
            104,
            105,
            116,
            101,
            59,
            49,
            49,
            49,
            50,
            59,
            49,
            49,
            49,
            49,
            10,
          ],
          "type": "Buffer",
        },
        "next": null,
      },
    },
    "closeEmitted": false,
    "closed": false,
    "constructed": true,
    "dataEmitted": false,
    "decoder": null,
    "defaultEncoding": "utf8",
    "destroyed": false,
    "emitClose": true,
    "emittedReadable": false,
    "encoding": null,
    "endEmitted": false,
    "ended": false,
    "errorEmitted": false,
    "errored": null,
    "flowing": null,
    "highWaterMark": 16384,
    "length": 295,
    "multiAwaitDrain": false,
    "needReadable": false,
    "objectMode": false,
    "pipes": [],
    "readableListening": false,
    "reading": false,
    "readingMore": true,
    "resumeScheduled": false,
    "sync": false,
    Symbol(kPaused): null,
  },
  "_writableState": WritableState {
    "afterWriteTickInfo": {
      "cb": [Function],
      "count": 3,
      "state": [Circular],
      "stream": [Circular],
    },
    "allBuffers": true,
    "allNoop": true,
    "autoDestroy": true,
    "bufferProcessing": false,
    "buffered": [],
    "bufferedIndex": 0,
    "closeEmitted": false,
    "closed": false,
    "constructed": true,
    "corked": 0,
    "decodeStrings": true,
    "defaultEncoding": "utf8",
    "destroyed": false,
    "emitClose": true,
    "ended": false,
    "ending": false,
    "errorEmitted": false,
    "errored": null,
    "finalCalled": false,
    "finished": false,
    "highWaterMark": 16384,
    "length": 0,
    "needDrain": false,
    "objectMode": false,
    "onwrite": [Function],
    "pendingcb": 3,
    "prefinished": false,
    "sync": false,
    "writecb": null,
    "writelen": 0,
    "writing": false,
    Symbol(kOnFinished): [],
  },
  "allowHalfOpen": true,
  Symbol(kCapture): false,
  Symbol(kCallback): null,
}
`;
