// Vitest Snapshot v1, https://vitest.dev/guide/snapshot.html

exports[`Tilda formatter > should export Tilda csv data 1`] = `
"SKU;Brand;Category;Title;Text;Photo;Price;Price Old;Quantity;Editions;External ID;Parent UID
NIKE-1111;Nike;Обувь;Title;Description;"image1;image2";19000;20000;24;"p1:v1;p2:v2";1111;
NIKE-1111;Nike;Обувь;Title;Description;"image1;image2";19000;20000;24;"p1:v1;p2:v2";1112;1111"
`;
