// Vitest Snapshot v1, https://vitest.dev/guide/snapshot.html

exports[`WooCommerce formatter > should export WooCommerce data 1`] = `
"ID;Type;SKU;Name;Parent;Short description;Description;Stock;Regular price;Position;Categories;Tags;Images;Attribute 0 name;Attribute 0 value(s);Attribute 0 visible;Attribute 0 global;Attribute 1 name;Attribute 1 value(s);Attribute 1 visible;Attribute 1 global;Attribute 7 name;Attribute 7 value(s);Attribute 7 global;Attribute 3 name;Attribute 3 value(s);Attribute 3 global;Attribute 4 name;Attribute 4 value(s);Attribute 4 global;Attribute 5 name;Attribute 5 value(s);Attribute 5 visible;Attribute 5 global;Attribute 6 name;Attribute 6 value(s);Attribute 6 visible;Attribute 6 global
0;variable;0;Title;;;Description;24;;0;Все товары > Одежда, обувь и аксессуары > Обувь;Обувь,Кроссовки;image1,image2;param1;v1;0;0;param2;v2;0;0;Пол;Мужское;0;prop1;v1;0;prop2;v2;0;;;;;;;;
1111;variable;1111;Title;;;Description;24;;0;Все товары > Одежда, обувь и аксессуары > Обувь;;image1,image2;;;;;;;;;seasons;spring summer;0;;;;;;;size;44;0;0;color;white;0;0
1111;variation;1111;Title;0;;Description;24;19000;1;Все товары > Одежда, обувь и аксессуары > Обувь;Обувь,Кроссовки;image1,image2;param1;v1;;0;param2;v2;;0;;;;;;;;;;;;;;;;;
1112;variation;1112;Title;1111;;Description;24;19000;2;Все товары > Одежда, обувь и аксессуары > Обувь;;image1,image2;;;;;;;;;;;;;;;;;;size;44;;0;color;white;;0
"
`;
