// Vitest Snapshot v1, https://vitest.dev/guide/snapshot.html

exports[`YML formatter > should export YML data 1`] = `
PassThrough {
  "_events": {
    "close": [
      [Function],
      [Function],
      [Function],
      [Function],
    ],
    "drain": [
      [Function],
      [Function],
      [Function],
    ],
    "error": [
      [Function],
      [Function],
      [Function],
      [Function],
    ],
    "finish": [Function],
    "prefinish": [Function],
    "unpipe": [Function],
  },
  "_eventsCount": 6,
  "_maxListeners": undefined,
  "_readableState": ReadableState {
    "autoDestroy": true,
    "awaitDrainWriters": null,
    "buffer": BufferList {
      "head": null,
      "length": 0,
      "tail": null,
    },
    "closeEmitted": false,
    "closed": false,
    "constructed": true,
    "dataEmitted": false,
    "decoder": null,
    "defaultEncoding": "utf8",
    "destroyed": false,
    "emitClose": true,
    "emittedReadable": false,
    "encoding": null,
    "endEmitted": false,
    "ended": false,
    "errorEmitted": false,
    "errored": null,
    "flowing": null,
    "highWaterMark": 16384,
    "length": 0,
    "multiAwaitDrain": false,
    "needReadable": false,
    "objectMode": false,
    "pipes": [],
    "readableListening": false,
    "reading": false,
    "readingMore": false,
    "resumeScheduled": false,
    "sync": false,
    Symbol(kPaused): null,
  },
  "_writableState": WritableState {
    "afterWriteTickInfo": null,
    "allBuffers": true,
    "allNoop": true,
    "autoDestroy": true,
    "bufferProcessing": false,
    "buffered": [],
    "bufferedIndex": 0,
    "closeEmitted": false,
    "closed": false,
    "constructed": true,
    "corked": 0,
    "decodeStrings": true,
    "defaultEncoding": "utf8",
    "destroyed": false,
    "emitClose": true,
    "ended": false,
    "ending": false,
    "errorEmitted": false,
    "errored": null,
    "finalCalled": false,
    "finished": false,
    "highWaterMark": 16384,
    "length": 0,
    "needDrain": false,
    "objectMode": false,
    "onwrite": [Function],
    "pendingcb": 0,
    "prefinished": false,
    "sync": true,
    "writecb": null,
    "writelen": 0,
    "writing": false,
    Symbol(kOnFinished): [],
  },
  "allowHalfOpen": true,
  Symbol(kCapture): false,
  Symbol(kCallback): null,
}
`;
