// Vitest Snapshot v1, https://vitest.dev/guide/snapshot.html

exports[`YML formatter > should export YML data 1`] = `
"<?xml version=\\"1.0\\" encoding=\\"UTF-8\\" standalone=\\"yes\\"?>
<yml_catalog date=\\"2020-01-01T00:00:00\\">
  <shop>
    <name>Bagi4</name>
    <company>Bagi4</company>
    <categories>
      <category id=\\"1\\" parentId=\\"2\\">Обувь</category>
      <category id=\\"2\\" parentId=\\"3\\">Одежда, обувь и аксессуары</category>
      <category id=\\"3\\">Все товары</category>
    </categories>
    <offers>
      <offer id=\\"1111\\">
        <name>Title</name>
        <price>19000</price>
        <oldprice>20000</oldprice>
        <purchase_price>15000</purchase_price>
        <additional_expenses>1000</additional_expenses>
        <cofinance_price>0</cofinance_price>
        <currencyId>RUR</currencyId>
        <categoryId>1</categoryId>
        <vendor>Nike</vendor>
        <vendorCode>NIKE-1111</vendorCode>
        <picture>image1</picture>
        <picture>image2</picture>
        <available>true</available>
        <series>Jordan 4</series>
        <min-quantity>1</min-quantity>
        <step-quantity>1</step-quantity>
        <size name=\\"UK\\" delimiter=\\",\\">36,37,38,39</size>
        <keyword>Обувь</keyword>
        <keyword>Кроссовки</keyword>
        <property name=\\"prop1\\">v1</property>
        <property name=\\"prop2\\">v2</property>
        <param name=\\"param1\\">v1</param>
        <param name=\\"param2\\">v2</param>
        <description>
          <![CDATA[Description]]>
        </description>
        <country_of_origin>Китай</country_of_origin>
        <barcode>567890567893</barcode>
        <vat>VAT_20</vat>
        <count>24</count>
        <set-ids>Nike, Кроссовки</set-ids>
        <adult>false</adult>
        <downloadable>false</downloadable>
        <period-of-validity-days></period-of-validity-days>
        <comment-validity-days></comment-validity-days>
        <service-life-days></service-life-days>
        <comment-life-days></comment-life-days>
        <warranty-days></warranty-days>
        <comment-warranty></comment-warranty>
        <manufacturer_warranty>true</manufacturer_warranty>
        <certificate>111</certificate>
        <weight>0.15</weight>
        <dimensions>12/32/43</dimensions>
        <boxCount>1</boxCount>
        <disabled>false</disabled>
        <age unit=\\"year\\">6</age>
        <tn-ved-codes>
          <tn-ved-code>code</tn-ved-code>
        </tn-ved-codes>
        <relatedProduct>1234</relatedProduct>
      </offer>
      <offer id=\\"1112\\" group_id=\\"1111\\">
        <name>Title</name>
        <price>19000</price>
        <oldprice>20000</oldprice>
        <purchase_price>15000</purchase_price>
        <additional_expenses>1000</additional_expenses>
        <cofinance_price>0</cofinance_price>
        <currencyId>RUR</currencyId>
        <categoryId>1</categoryId>
        <vendor>Nike</vendor>
        <vendorCode>NIKE-1111</vendorCode>
        <picture>image1</picture>
        <picture>image2</picture>
        <available>true</available>
        <series>Jordan 4</series>
        <min-quantity>1</min-quantity>
        <step-quantity>1</step-quantity>
        <property name=\\"seasons\\">spring, summer</property>
        <param name=\\"size\\">44</param>
        <param name=\\"color\\">white</param>
        <description>
          <![CDATA[Description]]>
        </description>
        <country_of_origin>Китай</country_of_origin>
        <barcode>567890567893</barcode>
        <vat>VAT_20</vat>
        <count>24</count>
        <set-ids>Nike, Кроссовки</set-ids>
        <adult>false</adult>
        <downloadable>false</downloadable>
        <period-of-validity-days></period-of-validity-days>
        <comment-validity-days></comment-validity-days>
        <service-life-days></service-life-days>
        <comment-life-days></comment-life-days>
        <warranty-days></warranty-days>
        <comment-warranty></comment-warranty>
        <manufacturer_warranty>true</manufacturer_warranty>
        <certificate>111</certificate>
        <weight>0.15</weight>
        <dimensions>12/32/43</dimensions>
        <boxCount>1</boxCount>
        <disabled>false</disabled>
        <age unit=\\"year\\">6</age>
        <tn-ved-codes>
          <tn-ved-code>code</tn-ved-code>
        </tn-ved-codes>
      </offer>
    </offers>
  </shop>
</yml_catalog>
"
`;
