// Vitest Snapshot v1, https://vitest.dev/guide/snapshot.html

exports[`YML formatter > should export YML data 1`] = `
PassThrough {
  "_events": {
    "close": [
      [Function],
      [Function],
      [Function],
    ],
    "drain": [
      [Function],
      [Function],
      [Function],
    ],
    "error": [
      [Function],
      [Function],
      [Function],
    ],
    "prefinish": [Function],
  },
  "_eventsCount": 4,
  "_maxListeners": undefined,
  "_readableState": ReadableState {
    "autoDestroy": true,
    "awaitDrainWriters": null,
    "buffer": BufferList {
      "head": {
        "data": {
          "data": [
            60,
            111,
            102,
            102,
            101,
            114,
            32,
            105,
            100,
            61,
            34,
            49,
            49,
            49,
            49,
            34,
            62,
            60,
            110,
            97,
            109,
            101,
            62,
            84,
            105,
            116,
            108,
            101,
            60,
            47,
            110,
            97,
            109,
            101,
            62,
            60,
            112,
            114,
            105,
            99,
            101,
            62,
            49,
            57,
            48,
            48,
            48,
            60,
            47,
            112,
            114,
            105,
            99,
            101,
            62,
            60,
            111,
            108,
            100,
            112,
            114,
            105,
            99,
            101,
            62,
            50,
            48,
            48,
            48,
            48,
            60,
            47,
            111,
            108,
            100,
            112,
            114,
            105,
            99,
            101,
            62,
            60,
            112,
            117,
            114,
            99,
            104,
            97,
            115,
            101,
            95,
            112,
            114,
            105,
            99,
            101,
            62,
            49,
            53,
            48,
            48,
            48,
            60,
            47,
            112,
            117,
            114,
            99,
            104,
            97,
            115,
            101,
            95,
            112,
            114,
            105,
            99,
            101,
            62,
            60,
            97,
            100,
            100,
            105,
            116,
            105,
            111,
            110,
            97,
            108,
            95,
            101,
            120,
            112,
            101,
            110,
            115,
            101,
            115,
            62,
            49,
            48,
            48,
            48,
            60,
            47,
            97,
            100,
            100,
            105,
            116,
            105,
            111,
            110,
            97,
            108,
            95,
            101,
            120,
            112,
            101,
            110,
            115,
            101,
            115,
            62,
            60,
            99,
            111,
            102,
            105,
            110,
            97,
            110,
            99,
            101,
            95,
            112,
            114,
            105,
            99,
            101,
            62,
            48,
            60,
            47,
            99,
            111,
            102,
            105,
            110,
            97,
            110,
            99,
            101,
            95,
            112,
            114,
            105,
            99,
            101,
            62,
            60,
            99,
            117,
            114,
            114,
            101,
            110,
            99,
            121,
            73,
            100,
            62,
            82,
            85,
            82,
            60,
            47,
            99,
            117,
            114,
            114,
            101,
            110,
            99,
            121,
            73,
            100,
            62,
            60,
            99,
            97,
            116,
            101,
            103,
            111,
            114,
            121,
            73,
            100,
            62,
            49,
            60,
            47,
            99,
            97,
            116,
            101,
            103,
            111,
            114,
            121,
            73,
            100,
            62,
            60,
            118,
            101,
            110,
            100,
            111,
            114,
            62,
            78,
            105,
            107,
            101,
            60,
            47,
            118,
            101,
            110,
            100,
            111,
            114,
            62,
            60,
            118,
            101,
            110,
            100,
            111,
            114,
            67,
            111,
            100,
            101,
            62,
            78,
            73,
            75,
            69,
            45,
            49,
            49,
            49,
            49,
            60,
            47,
            118,
            101,
            110,
            100,
            111,
            114,
            67,
            111,
            100,
            101,
            62,
            60,
            112,
            105,
            99,
            116,
            117,
            114,
            101,
            62,
            105,
            109,
            97,
            103,
            101,
            49,
            60,
            47,
            112,
            105,
            99,
            116,
            117,
            114,
            101,
            62,
            60,
            112,
            105,
            99,
            116,
            117,
            114,
            101,
            62,
            105,
            109,
            97,
            103,
            101,
            50,
            60,
            47,
            112,
            105,
            99,
            116,
            117,
            114,
            101,
            62,
            60,
            97,
            118,
            97,
            105,
            108,
            97,
            98,
            108,
            101,
            62,
            116,
            114,
            117,
            101,
            60,
            47,
            97,
            118,
            97,
            105,
            108,
            97,
            98,
            108,
            101,
            62,
            60,
            115,
            101,
            114,
            105,
            101,
            115,
            62,
            74,
            111,
            114,
            100,
            97,
            110,
            32,
            52,
            60,
            47,
            115,
            101,
            114,
            105,
            101,
            115,
            62,
            60,
            109,
            105,
            110,
            45,
            113,
            117,
            97,
            110,
            116,
            105,
            116,
            121,
            62,
            49,
            60,
            47,
            109,
            105,
            110,
            45,
            113,
            117,
            97,
            110,
            116,
            105,
            116,
            121,
            62,
            60,
            115,
            116,
            101,
            112,
            45,
            113,
            117,
            97,
            110,
            116,
            105,
            116,
            121,
            62,
            49,
            60,
            47,
            115,
            116,
            101,
            112,
            45,
            113,
            117,
            97,
            110,
            116,
            105,
            116,
            121,
            62,
            60,
            115,
            105,
            122,
            101,
            32,
            110,
            97,
            109,
            101,
            61,
            34,
            85,
            75,
            34,
            32,
            100,
            101,
            108,
            105,
            109,
            105,
            116,
            101,
            114,
            61,
            34,
            44,
            34,
            62,
            51,
            54,
            44,
            51,
            55,
            44,
            51,
            56,
            44,
            51,
            57,
            60,
            47,
            115,
            105,
            122,
            101,
            62,
            60,
            107,
            101,
            121,
            119,
            111,
            114,
            100,
            62,
            208,
            158,
            208,
            177,
            209,
            131,
            208,
            178,
            209,
            140,
            60,
            47,
            107,
            101,
            121,
            119,
            111,
            114,
            100,
            62,
            60,
            107,
            101,
            121,
            119,
            111,
            114,
            100,
            62,
            208,
            154,
            209,
            128,
            208,
            190,
            209,
            129,
            209,
            129,
            208,
            190,
            208,
            178,
            208,
            186,
            208,
            184,
            60,
            47,
            107,
            101,
            121,
            119,
            111,
            114,
            100,
            62,
            60,
            115,
            97,
            108,
            101,
            68,
            97,
            116,
            101,
            62,
            48,
            49,
            46,
            48,
            49,
            46,
            50,
            48,
            50,
            48,
            60,
            47,
            115,
            97,
            108,
            101,
            68,
            97,
            116,
            101,
            62,
            60,
            112,
            114,
            111,
            112,
            101,
            114,
            116,
            121,
            32,
            110,
            97,
            109,
            101,
            61,
            34,
            112,
            114,
            111,
            112,
            49,
            34,
            62,
            118,
            49,
            60,
            47,
            112,
            114,
            111,
            112,
            101,
            114,
            116,
            121,
            62,
            60,
            112,
            114,
            111,
            112,
            101,
            114,
            116,
            121,
            32,
            110,
            97,
            109,
            101,
            61,
            34,
            112,
            114,
            111,
            112,
            50,
            34,
            62,
            118,
            50,
            60,
            47,
            112,
            114,
            111,
            112,
            101,
            114,
            116,
            121,
            62,
            60,
            112,
            97,
            114,
            97,
            109,
            32,
            110,
            97,
            109,
            101,
            61,
            34,
            112,
            97,
            114,
            97,
            109,
            49,
            34,
            62,
            118,
            49,
            60,
            47,
            112,
            97,
            114,
            97,
            109,
            62,
            60,
            112,
            97,
            114,
            97,
            109,
            32,
            110,
            97,
            109,
            101,
            61,
            34,
            112,
            97,
            114,
            97,
            109,
            50,
            34,
            62,
            118,
            50,
            60,
            47,
            112,
            97,
            114,
            97,
            109,
            62,
            60,
            100,
            101,
            115,
            99,
            114,
            105,
            112,
            116,
            105,
            111,
            110,
            62,
            60,
            33,
            91,
            67,
            68,
            65,
            84,
            65,
            91,
            68,
            101,
            115,
            99,
            114,
            105,
            112,
            116,
            105,
            111,
            110,
            93,
            93,
            62,
            60,
            47,
            100,
            101,
            115,
            99,
            114,
            105,
            112,
            116,
            105,
            111,
            110,
            62,
            60,
            99,
            111,
            117,
            110,
            116,
            114,
            121,
            95,
            111,
            102,
            95,
            111,
            114,
            105,
            103,
            105,
            110,
            62,
            208,
            154,
            208,
            184,
            209,
            130,
            208,
            176,
            208,
            185,
            60,
            47,
            99,
            111,
            117,
            110,
            116,
            114,
            121,
            95,
            111,
            102,
            95,
            111,
            114,
            105,
            103,
            105,
            110,
            62,
            60,
            98,
            97,
            114,
            99,
            111,
            100,
            101,
            62,
            53,
            54,
            55,
            56,
            57,
            48,
            53,
            54,
            55,
            56,
            57,
            51,
            60,
            47,
            98,
            97,
            114,
            99,
            111,
            100,
            101,
            62,
            60,
            118,
            97,
            116,
            62,
            86,
            65,
            84,
            95,
            50,
            48,
            60,
            47,
            118,
            97,
            116,
            62,
            60,
            99,
            111,
            117,
            110,
            116,
            62,
            50,
            52,
            60,
            47,
            99,
            111,
            117,
            110,
            116,
            62,
            60,
            115,
            101,
            116,
            45,
            105,
            100,
            115,
            62,
            78,
            105,
            107,
            101,
            44,
            32,
            208,
            154,
            209,
            128,
            208,
            190,
            209,
            129,
            209,
            129,
            208,
            190,
            208,
            178,
            208,
            186,
            208,
            184,
            60,
            47,
            115,
            101,
            116,
            45,
            105,
            100,
            115,
            62,
            60,
            97,
            100,
            117,
            108,
            116,
            62,
            102,
            97,
            108,
            115,
            101,
            60,
            47,
            97,
            100,
            117,
            108,
            116,
            62,
            60,
            100,
            111,
            119,
            110,
            108,
            111,
            97,
            100,
            97,
            98,
            108,
            101,
            62,
            102,
            97,
            108,
            115,
            101,
            60,
            47,
            100,
            111,
            119,
            110,
            108,
            111,
            97,
            100,
            97,
            98,
            108,
            101,
            62,
            60,
            112,
            101,
            114,
            105,
            111,
            100,
            45,
            111,
            102,
            45,
            118,
            97,
            108,
            105,
            100,
            105,
            116,
            121,
            45,
            100,
            97,
            121,
            115,
            62,
            60,
            47,
            112,
            101,
            114,
            105,
            111,
            100,
            45,
            111,
            102,
            45,
            118,
            97,
            108,
            105,
            100,
            105,
            116,
            121,
            45,
            100,
            97,
            121,
            115,
            62,
            60,
            99,
            111,
            109,
            109,
            101,
            110,
            116,
            45,
            118,
            97,
            108,
            105,
            100,
            105,
            116,
            121,
            45,
            100,
            97,
            121,
            115,
            62,
            60,
            47,
            99,
            111,
            109,
            109,
            101,
            110,
            116,
            45,
            118,
            97,
            108,
            105,
            100,
            105,
            116,
            121,
            45,
            100,
            97,
            121,
            115,
            62,
            60,
            115,
            101,
            114,
            118,
            105,
            99,
            101,
            45,
            108,
            105,
            102,
            101,
            45,
            100,
            97,
            121,
            115,
            62,
            60,
            47,
            115,
            101,
            114,
            118,
            105,
            99,
            101,
            45,
            108,
            105,
            102,
            101,
            45,
            100,
            97,
            121,
            115,
            62,
            60,
            99,
            111,
            109,
            109,
            101,
            110,
            116,
            45,
            108,
            105,
            102,
            101,
            45,
            100,
            97,
            121,
            115,
            62,
            60,
            47,
            99,
            111,
            109,
            109,
            101,
            110,
            116,
            45,
            108,
            105,
            102,
            101,
            45,
            100,
            97,
            121,
            115,
            62,
            60,
            119,
            97,
            114,
            114,
            97,
            110,
            116,
            121,
            45,
            100,
            97,
            121,
            115,
            62,
            60,
            47,
            119,
            97,
            114,
            114,
            97,
            110,
            116,
            121,
            45,
            100,
            97,
            121,
            115,
            62,
            60,
            99,
            111,
            109,
            109,
            101,
            110,
            116,
            45,
            119,
            97,
            114,
            114,
            97,
            110,
            116,
            121,
            62,
            60,
            47,
            99,
            111,
            109,
            109,
            101,
            110,
            116,
            45,
            119,
            97,
            114,
            114,
            97,
            110,
            116,
            121,
            62,
            60,
            109,
            97,
            110,
            117,
            102,
            97,
            99,
            116,
            117,
            114,
            101,
            114,
            95,
            119,
            97,
            114,
            114,
            97,
            110,
            116,
            121,
            62,
            116,
            114,
            117,
            101,
            60,
            47,
            109,
            97,
            110,
            117,
            102,
            97,
            99,
            116,
            117,
            114,
            101,
            114,
            95,
            119,
            97,
            114,
            114,
            97,
            110,
            116,
            121,
            62,
            60,
            99,
            101,
            114,
            116,
            105,
            102,
            105,
            99,
            97,
            116,
            101,
            62,
            49,
            49,
            49,
            60,
            47,
            99,
            101,
            114,
            116,
            105,
            102,
            105,
            99,
            97,
            116,
            101,
            62,
            60,
            117,
            114,
            108,
            62,
            104,
            116,
            116,
            112,
            58,
            47,
            47,
            108,
            111,
            99,
            97,
            108,
            104,
            111,
            115,
            116,
            58,
            56,
            48,
            56,
            48,
            47,
            63,
            112,
            97,
            114,
            97,
            109,
            49,
            61,
            118,
            97,
            108,
            117,
            101,
            49,
            38,
            97,
            109,
            112,
            59,
            112,
            97,
            114,
            97,
            109,
            50,
            61,
            118,
            97,
            108,
            117,
            101,
            50,
            60,
            47,
            117,
            114,
            108,
            62,
            60,
            119,
            101,
            105,
            103,
            104,
            116,
            62,
            48,
            46,
            49,
            53,
            60,
            47,
            119,
            101,
            105,
            103,
            104,
            116,
            62,
            60,
            100,
            105,
            109,
            101,
            110,
            115,
            105,
            111,
            110,
            115,
            62,
            49,
            50,
            47,
            51,
            50,
            47,
            52,
            51,
            60,
            47,
            100,
            105,
            109,
            101,
            110,
            115,
            105,
            111,
            110,
            115,
            62,
            60,
            98,
            111,
            120,
            67,
            111,
            117,
            110,
            116,
            62,
            49,
            60,
            47,
            98,
            111,
            120,
            67,
            111,
            117,
            110,
            116,
            62,
            60,
            100,
            105,
            115,
            97,
            98,
            108,
            101,
            100,
            62,
            102,
            97,
            108,
            115,
            101,
            60,
            47,
            100,
            105,
            115,
            97,
            98,
            108,
            101,
            100,
            62,
            60,
            97,
            103,
            101,
            32,
            117,
            110,
            105,
            116,
            61,
            34,
            121,
            101,
            97,
            114,
            34,
            62,
            54,
            60,
            47,
            97,
            103,
            101,
            62,
            60,
            116,
            110,
            45,
            118,
            101,
            100,
            45,
            99,
            111,
            100,
            101,
            115,
            62,
            60,
            116,
            110,
            45,
            118,
            101,
            100,
            45,
            99,
            111,
            100,
            101,
            62,
            99,
            111,
            100,
            101,
            60,
            47,
            116,
            110,
            45,
            118,
            101,
            100,
            45,
            99,
            111,
            100,
            101,
            62,
            60,
            47,
            116,
            110,
            45,
            118,
            101,
            100,
            45,
            99,
            111,
            100,
            101,
            115,
            62,
            60,
            114,
            101,
            108,
            97,
            116,
            101,
            100,
            80,
            114,
            111,
            100,
            117,
            99,
            116,
            62,
            49,
            50,
            51,
            52,
            60,
            47,
            114,
            101,
            108,
            97,
            116,
            101,
            100,
            80,
            114,
            111,
            100,
            117,
            99,
            116,
            62,
            60,
            103,
            101,
            110,
            100,
            101,
            114,
            62,
            208,
            156,
            209,
            131,
            208,
            182,
            209,
            129,
            208,
            186,
            208,
            190,
            208,
            181,
            60,
            47,
            103,
            101,
            110,
            100,
            101,
            114,
            62,
            60,
            47,
            111,
            102,
            102,
            101,
            114,
            62,
          ],
          "type": "Buffer",
        },
        "next": {
          "data": {
            "data": [
              60,
              111,
              102,
              102,
              101,
              114,
              32,
              105,
              100,
              61,
              34,
              49,
              49,
              49,
              50,
              34,
              32,
              103,
              114,
              111,
              117,
              112,
              95,
              105,
              100,
              61,
              34,
              49,
              49,
              49,
              49,
              34,
              62,
              60,
              110,
              97,
              109,
              101,
              62,
              84,
              105,
              116,
              108,
              101,
              60,
              47,
              110,
              97,
              109,
              101,
              62,
              60,
              112,
              114,
              105,
              99,
              101,
              62,
              49,
              57,
              48,
              48,
              48,
              60,
              47,
              112,
              114,
              105,
              99,
              101,
              62,
              60,
              111,
              108,
              100,
              112,
              114,
              105,
              99,
              101,
              62,
              50,
              48,
              48,
              48,
              48,
              60,
              47,
              111,
              108,
              100,
              112,
              114,
              105,
              99,
              101,
              62,
              60,
              112,
              117,
              114,
              99,
              104,
              97,
              115,
              101,
              95,
              112,
              114,
              105,
              99,
              101,
              62,
              49,
              53,
              48,
              48,
              48,
              60,
              47,
              112,
              117,
              114,
              99,
              104,
              97,
              115,
              101,
              95,
              112,
              114,
              105,
              99,
              101,
              62,
              60,
              97,
              100,
              100,
              105,
              116,
              105,
              111,
              110,
              97,
              108,
              95,
              101,
              120,
              112,
              101,
              110,
              115,
              101,
              115,
              62,
              49,
              48,
              48,
              48,
              60,
              47,
              97,
              100,
              100,
              105,
              116,
              105,
              111,
              110,
              97,
              108,
              95,
              101,
              120,
              112,
              101,
              110,
              115,
              101,
              115,
              62,
              60,
              99,
              111,
              102,
              105,
              110,
              97,
              110,
              99,
              101,
              95,
              112,
              114,
              105,
              99,
              101,
              62,
              48,
              60,
              47,
              99,
              111,
              102,
              105,
              110,
              97,
              110,
              99,
              101,
              95,
              112,
              114,
              105,
              99,
              101,
              62,
              60,
              99,
              117,
              114,
              114,
              101,
              110,
              99,
              121,
              73,
              100,
              62,
              82,
              85,
              82,
              60,
              47,
              99,
              117,
              114,
              114,
              101,
              110,
              99,
              121,
              73,
              100,
              62,
              60,
              99,
              97,
              116,
              101,
              103,
              111,
              114,
              121,
              73,
              100,
              62,
              49,
              60,
              47,
              99,
              97,
              116,
              101,
              103,
              111,
              114,
              121,
              73,
              100,
              62,
              60,
              118,
              101,
              110,
              100,
              111,
              114,
              62,
              78,
              105,
              107,
              101,
              60,
              47,
              118,
              101,
              110,
              100,
              111,
              114,
              62,
              60,
              118,
              101,
              110,
              100,
              111,
              114,
              67,
              111,
              100,
              101,
              62,
              78,
              73,
              75,
              69,
              45,
              49,
              49,
              49,
              49,
              60,
              47,
              118,
              101,
              110,
              100,
              111,
              114,
              67,
              111,
              100,
              101,
              62,
              60,
              112,
              105,
              99,
              116,
              117,
              114,
              101,
              62,
              105,
              109,
              97,
              103,
              101,
              49,
              60,
              47,
              112,
              105,
              99,
              116,
              117,
              114,
              101,
              62,
              60,
              112,
              105,
              99,
              116,
              117,
              114,
              101,
              62,
              105,
              109,
              97,
              103,
              101,
              50,
              60,
              47,
              112,
              105,
              99,
              116,
              117,
              114,
              101,
              62,
              60,
              97,
              118,
              97,
              105,
              108,
              97,
              98,
              108,
              101,
              62,
              116,
              114,
              117,
              101,
              60,
              47,
              97,
              118,
              97,
              105,
              108,
              97,
              98,
              108,
              101,
              62,
              60,
              115,
              101,
              114,
              105,
              101,
              115,
              62,
              74,
              111,
              114,
              100,
              97,
              110,
              32,
              52,
              60,
              47,
              115,
              101,
              114,
              105,
              101,
              115,
              62,
              60,
              109,
              105,
              110,
              45,
              113,
              117,
              97,
              110,
              116,
              105,
              116,
              121,
              62,
              49,
              60,
              47,
              109,
              105,
              110,
              45,
              113,
              117,
              97,
              110,
              116,
              105,
              116,
              121,
              62,
              60,
              115,
              116,
              101,
              112,
              45,
              113,
              117,
              97,
              110,
              116,
              105,
              116,
              121,
              62,
              49,
              60,
              47,
              115,
              116,
              101,
              112,
              45,
              113,
              117,
              97,
              110,
              116,
              105,
              116,
              121,
              62,
              60,
              115,
              97,
              108,
              101,
              68,
              97,
              116,
              101,
              62,
              48,
              49,
              46,
              48,
              49,
              46,
              50,
              48,
              50,
              48,
              60,
              47,
              115,
              97,
              108,
              101,
              68,
              97,
              116,
              101,
              62,
              60,
              112,
              114,
              111,
              112,
              101,
              114,
              116,
              121,
              32,
              110,
              97,
              109,
              101,
              61,
              34,
              115,
              101,
              97,
              115,
              111,
              110,
              115,
              34,
              62,
              115,
              112,
              114,
              105,
              110,
              103,
              44,
              32,
              115,
              117,
              109,
              109,
              101,
              114,
              60,
              47,
              112,
              114,
              111,
              112,
              101,
              114,
              116,
              121,
              62,
              60,
              112,
              97,
              114,
              97,
              109,
              32,
              110,
              97,
              109,
              101,
              61,
              34,
              115,
              105,
              122,
              101,
              34,
              62,
              52,
              52,
              60,
              47,
              112,
              97,
              114,
              97,
              109,
              62,
              60,
              112,
              97,
              114,
              97,
              109,
              32,
              110,
              97,
              109,
              101,
              61,
              34,
              99,
              111,
              108,
              111,
              114,
              34,
              62,
              119,
              104,
              105,
              116,
              101,
              60,
              47,
              112,
              97,
              114,
              97,
              109,
              62,
              60,
              100,
              101,
              115,
              99,
              114,
              105,
              112,
              116,
              105,
              111,
              110,
              62,
              60,
              33,
              91,
              67,
              68,
              65,
              84,
              65,
              91,
              68,
              101,
              115,
              99,
              114,
              105,
              112,
              116,
              105,
              111,
              110,
              93,
              93,
              62,
              60,
              47,
              100,
              101,
              115,
              99,
              114,
              105,
              112,
              116,
              105,
              111,
              110,
              62,
              60,
              99,
              111,
              117,
              110,
              116,
              114,
              121,
              95,
              111,
              102,
              95,
              111,
              114,
              105,
              103,
              105,
              110,
              62,
              208,
              154,
              208,
              184,
              209,
              130,
              208,
              176,
              208,
              185,
              60,
              47,
              99,
              111,
              117,
              110,
              116,
              114,
              121,
              95,
              111,
              102,
              95,
              111,
              114,
              105,
              103,
              105,
              110,
              62,
              60,
              98,
              97,
              114,
              99,
              111,
              100,
              101,
              62,
              53,
              54,
              55,
              56,
              57,
              48,
              53,
              54,
              55,
              56,
              57,
              51,
              60,
              47,
              98,
              97,
              114,
              99,
              111,
              100,
              101,
              62,
              60,
              118,
              97,
              116,
              62,
              86,
              65,
              84,
              95,
              50,
              48,
              60,
              47,
              118,
              97,
              116,
              62,
              60,
              99,
              111,
              117,
              110,
              116,
              62,
              50,
              52,
              60,
              47,
              99,
              111,
              117,
              110,
              116,
              62,
              60,
              115,
              101,
              116,
              45,
              105,
              100,
              115,
              62,
              78,
              105,
              107,
              101,
              44,
              32,
              208,
              154,
              209,
              128,
              208,
              190,
              209,
              129,
              209,
              129,
              208,
              190,
              208,
              178,
              208,
              186,
              208,
              184,
              60,
              47,
              115,
              101,
              116,
              45,
              105,
              100,
              115,
              62,
              60,
              97,
              100,
              117,
              108,
              116,
              62,
              102,
              97,
              108,
              115,
              101,
              60,
              47,
              97,
              100,
              117,
              108,
              116,
              62,
              60,
              100,
              111,
              119,
              110,
              108,
              111,
              97,
              100,
              97,
              98,
              108,
              101,
              62,
              102,
              97,
              108,
              115,
              101,
              60,
              47,
              100,
              111,
              119,
              110,
              108,
              111,
              97,
              100,
              97,
              98,
              108,
              101,
              62,
              60,
              112,
              101,
              114,
              105,
              111,
              100,
              45,
              111,
              102,
              45,
              118,
              97,
              108,
              105,
              100,
              105,
              116,
              121,
              45,
              100,
              97,
              121,
              115,
              62,
              60,
              47,
              112,
              101,
              114,
              105,
              111,
              100,
              45,
              111,
              102,
              45,
              118,
              97,
              108,
              105,
              100,
              105,
              116,
              121,
              45,
              100,
              97,
              121,
              115,
              62,
              60,
              99,
              111,
              109,
              109,
              101,
              110,
              116,
              45,
              118,
              97,
              108,
              105,
              100,
              105,
              116,
              121,
              45,
              100,
              97,
              121,
              115,
              62,
              60,
              47,
              99,
              111,
              109,
              109,
              101,
              110,
              116,
              45,
              118,
              97,
              108,
              105,
              100,
              105,
              116,
              121,
              45,
              100,
              97,
              121,
              115,
              62,
              60,
              115,
              101,
              114,
              118,
              105,
              99,
              101,
              45,
              108,
              105,
              102,
              101,
              45,
              100,
              97,
              121,
              115,
              62,
              60,
              47,
              115,
              101,
              114,
              118,
              105,
              99,
              101,
              45,
              108,
              105,
              102,
              101,
              45,
              100,
              97,
              121,
              115,
              62,
              60,
              99,
              111,
              109,
              109,
              101,
              110,
              116,
              45,
              108,
              105,
              102,
              101,
              45,
              100,
              97,
              121,
              115,
              62,
              60,
              47,
              99,
              111,
              109,
              109,
              101,
              110,
              116,
              45,
              108,
              105,
              102,
              101,
              45,
              100,
              97,
              121,
              115,
              62,
              60,
              119,
              97,
              114,
              114,
              97,
              110,
              116,
              121,
              45,
              100,
              97,
              121,
              115,
              62,
              60,
              47,
              119,
              97,
              114,
              114,
              97,
              110,
              116,
              121,
              45,
              100,
              97,
              121,
              115,
              62,
              60,
              99,
              111,
              109,
              109,
              101,
              110,
              116,
              45,
              119,
              97,
              114,
              114,
              97,
              110,
              116,
              121,
              62,
              60,
              47,
              99,
              111,
              109,
              109,
              101,
              110,
              116,
              45,
              119,
              97,
              114,
              114,
              97,
              110,
              116,
              121,
              62,
              60,
              109,
              97,
              110,
              117,
              102,
              97,
              99,
              116,
              117,
              114,
              101,
              114,
              95,
              119,
              97,
              114,
              114,
              97,
              110,
              116,
              121,
              62,
              116,
              114,
              117,
              101,
              60,
              47,
              109,
              97,
              110,
              117,
              102,
              97,
              99,
              116,
              117,
              114,
              101,
              114,
              95,
              119,
              97,
              114,
              114,
              97,
              110,
              116,
              121,
              62,
              60,
              99,
              101,
              114,
              116,
              105,
              102,
              105,
              99,
              97,
              116,
              101,
              62,
              49,
              49,
              49,
              60,
              47,
              99,
              101,
              114,
              116,
              105,
              102,
              105,
              99,
              97,
              116,
              101,
              62,
              60,
              119,
              101,
              105,
              103,
              104,
              116,
              62,
              48,
              46,
              49,
              53,
              60,
              47,
              119,
              101,
              105,
              103,
              104,
              116,
              62,
              60,
              100,
              105,
              109,
              101,
              110,
              115,
              105,
              111,
              110,
              115,
              62,
              49,
              50,
              47,
              51,
              50,
              47,
              52,
              51,
              60,
              47,
              100,
              105,
              109,
              101,
              110,
              115,
              105,
              111,
              110,
              115,
              62,
              60,
              98,
              111,
              120,
              67,
              111,
              117,
              110,
              116,
              62,
              49,
              60,
              47,
              98,
              111,
              120,
              67,
              111,
              117,
              110,
              116,
              62,
              60,
              100,
              105,
              115,
              97,
              98,
              108,
              101,
              100,
              62,
              102,
              97,
              108,
              115,
              101,
              60,
              47,
              100,
              105,
              115,
              97,
              98,
              108,
              101,
              100,
              62,
              60,
              97,
              103,
              101,
              32,
              117,
              110,
              105,
              116,
              61,
              34,
              121,
              101,
              97,
              114,
              34,
              62,
              54,
              60,
              47,
              97,
              103,
              101,
              62,
              60,
              116,
              110,
              45,
              118,
              101,
              100,
              45,
              99,
              111,
              100,
              101,
              115,
              62,
              60,
              116,
              110,
              45,
              118,
              101,
              100,
              45,
              99,
              111,
              100,
              101,
              62,
              99,
              111,
              100,
              101,
              60,
              47,
              116,
              110,
              45,
              118,
              101,
              100,
              45,
              99,
              111,
              100,
              101,
              62,
              60,
              47,
              116,
              110,
              45,
              118,
              101,
              100,
              45,
              99,
              111,
              100,
              101,
              115,
              62,
              60,
              47,
              111,
              102,
              102,
              101,
              114,
              62,
            ],
            "type": "Buffer",
          },
          "next": null,
        },
      },
      "length": 2,
      "tail": {
        "data": {
          "data": [
            60,
            111,
            102,
            102,
            101,
            114,
            32,
            105,
            100,
            61,
            34,
            49,
            49,
            49,
            50,
            34,
            32,
            103,
            114,
            111,
            117,
            112,
            95,
            105,
            100,
            61,
            34,
            49,
            49,
            49,
            49,
            34,
            62,
            60,
            110,
            97,
            109,
            101,
            62,
            84,
            105,
            116,
            108,
            101,
            60,
            47,
            110,
            97,
            109,
            101,
            62,
            60,
            112,
            114,
            105,
            99,
            101,
            62,
            49,
            57,
            48,
            48,
            48,
            60,
            47,
            112,
            114,
            105,
            99,
            101,
            62,
            60,
            111,
            108,
            100,
            112,
            114,
            105,
            99,
            101,
            62,
            50,
            48,
            48,
            48,
            48,
            60,
            47,
            111,
            108,
            100,
            112,
            114,
            105,
            99,
            101,
            62,
            60,
            112,
            117,
            114,
            99,
            104,
            97,
            115,
            101,
            95,
            112,
            114,
            105,
            99,
            101,
            62,
            49,
            53,
            48,
            48,
            48,
            60,
            47,
            112,
            117,
            114,
            99,
            104,
            97,
            115,
            101,
            95,
            112,
            114,
            105,
            99,
            101,
            62,
            60,
            97,
            100,
            100,
            105,
            116,
            105,
            111,
            110,
            97,
            108,
            95,
            101,
            120,
            112,
            101,
            110,
            115,
            101,
            115,
            62,
            49,
            48,
            48,
            48,
            60,
            47,
            97,
            100,
            100,
            105,
            116,
            105,
            111,
            110,
            97,
            108,
            95,
            101,
            120,
            112,
            101,
            110,
            115,
            101,
            115,
            62,
            60,
            99,
            111,
            102,
            105,
            110,
            97,
            110,
            99,
            101,
            95,
            112,
            114,
            105,
            99,
            101,
            62,
            48,
            60,
            47,
            99,
            111,
            102,
            105,
            110,
            97,
            110,
            99,
            101,
            95,
            112,
            114,
            105,
            99,
            101,
            62,
            60,
            99,
            117,
            114,
            114,
            101,
            110,
            99,
            121,
            73,
            100,
            62,
            82,
            85,
            82,
            60,
            47,
            99,
            117,
            114,
            114,
            101,
            110,
            99,
            121,
            73,
            100,
            62,
            60,
            99,
            97,
            116,
            101,
            103,
            111,
            114,
            121,
            73,
            100,
            62,
            49,
            60,
            47,
            99,
            97,
            116,
            101,
            103,
            111,
            114,
            121,
            73,
            100,
            62,
            60,
            118,
            101,
            110,
            100,
            111,
            114,
            62,
            78,
            105,
            107,
            101,
            60,
            47,
            118,
            101,
            110,
            100,
            111,
            114,
            62,
            60,
            118,
            101,
            110,
            100,
            111,
            114,
            67,
            111,
            100,
            101,
            62,
            78,
            73,
            75,
            69,
            45,
            49,
            49,
            49,
            49,
            60,
            47,
            118,
            101,
            110,
            100,
            111,
            114,
            67,
            111,
            100,
            101,
            62,
            60,
            112,
            105,
            99,
            116,
            117,
            114,
            101,
            62,
            105,
            109,
            97,
            103,
            101,
            49,
            60,
            47,
            112,
            105,
            99,
            116,
            117,
            114,
            101,
            62,
            60,
            112,
            105,
            99,
            116,
            117,
            114,
            101,
            62,
            105,
            109,
            97,
            103,
            101,
            50,
            60,
            47,
            112,
            105,
            99,
            116,
            117,
            114,
            101,
            62,
            60,
            97,
            118,
            97,
            105,
            108,
            97,
            98,
            108,
            101,
            62,
            116,
            114,
            117,
            101,
            60,
            47,
            97,
            118,
            97,
            105,
            108,
            97,
            98,
            108,
            101,
            62,
            60,
            115,
            101,
            114,
            105,
            101,
            115,
            62,
            74,
            111,
            114,
            100,
            97,
            110,
            32,
            52,
            60,
            47,
            115,
            101,
            114,
            105,
            101,
            115,
            62,
            60,
            109,
            105,
            110,
            45,
            113,
            117,
            97,
            110,
            116,
            105,
            116,
            121,
            62,
            49,
            60,
            47,
            109,
            105,
            110,
            45,
            113,
            117,
            97,
            110,
            116,
            105,
            116,
            121,
            62,
            60,
            115,
            116,
            101,
            112,
            45,
            113,
            117,
            97,
            110,
            116,
            105,
            116,
            121,
            62,
            49,
            60,
            47,
            115,
            116,
            101,
            112,
            45,
            113,
            117,
            97,
            110,
            116,
            105,
            116,
            121,
            62,
            60,
            115,
            97,
            108,
            101,
            68,
            97,
            116,
            101,
            62,
            48,
            49,
            46,
            48,
            49,
            46,
            50,
            48,
            50,
            48,
            60,
            47,
            115,
            97,
            108,
            101,
            68,
            97,
            116,
            101,
            62,
            60,
            112,
            114,
            111,
            112,
            101,
            114,
            116,
            121,
            32,
            110,
            97,
            109,
            101,
            61,
            34,
            115,
            101,
            97,
            115,
            111,
            110,
            115,
            34,
            62,
            115,
            112,
            114,
            105,
            110,
            103,
            44,
            32,
            115,
            117,
            109,
            109,
            101,
            114,
            60,
            47,
            112,
            114,
            111,
            112,
            101,
            114,
            116,
            121,
            62,
            60,
            112,
            97,
            114,
            97,
            109,
            32,
            110,
            97,
            109,
            101,
            61,
            34,
            115,
            105,
            122,
            101,
            34,
            62,
            52,
            52,
            60,
            47,
            112,
            97,
            114,
            97,
            109,
            62,
            60,
            112,
            97,
            114,
            97,
            109,
            32,
            110,
            97,
            109,
            101,
            61,
            34,
            99,
            111,
            108,
            111,
            114,
            34,
            62,
            119,
            104,
            105,
            116,
            101,
            60,
            47,
            112,
            97,
            114,
            97,
            109,
            62,
            60,
            100,
            101,
            115,
            99,
            114,
            105,
            112,
            116,
            105,
            111,
            110,
            62,
            60,
            33,
            91,
            67,
            68,
            65,
            84,
            65,
            91,
            68,
            101,
            115,
            99,
            114,
            105,
            112,
            116,
            105,
            111,
            110,
            93,
            93,
            62,
            60,
            47,
            100,
            101,
            115,
            99,
            114,
            105,
            112,
            116,
            105,
            111,
            110,
            62,
            60,
            99,
            111,
            117,
            110,
            116,
            114,
            121,
            95,
            111,
            102,
            95,
            111,
            114,
            105,
            103,
            105,
            110,
            62,
            208,
            154,
            208,
            184,
            209,
            130,
            208,
            176,
            208,
            185,
            60,
            47,
            99,
            111,
            117,
            110,
            116,
            114,
            121,
            95,
            111,
            102,
            95,
            111,
            114,
            105,
            103,
            105,
            110,
            62,
            60,
            98,
            97,
            114,
            99,
            111,
            100,
            101,
            62,
            53,
            54,
            55,
            56,
            57,
            48,
            53,
            54,
            55,
            56,
            57,
            51,
            60,
            47,
            98,
            97,
            114,
            99,
            111,
            100,
            101,
            62,
            60,
            118,
            97,
            116,
            62,
            86,
            65,
            84,
            95,
            50,
            48,
            60,
            47,
            118,
            97,
            116,
            62,
            60,
            99,
            111,
            117,
            110,
            116,
            62,
            50,
            52,
            60,
            47,
            99,
            111,
            117,
            110,
            116,
            62,
            60,
            115,
            101,
            116,
            45,
            105,
            100,
            115,
            62,
            78,
            105,
            107,
            101,
            44,
            32,
            208,
            154,
            209,
            128,
            208,
            190,
            209,
            129,
            209,
            129,
            208,
            190,
            208,
            178,
            208,
            186,
            208,
            184,
            60,
            47,
            115,
            101,
            116,
            45,
            105,
            100,
            115,
            62,
            60,
            97,
            100,
            117,
            108,
            116,
            62,
            102,
            97,
            108,
            115,
            101,
            60,
            47,
            97,
            100,
            117,
            108,
            116,
            62,
            60,
            100,
            111,
            119,
            110,
            108,
            111,
            97,
            100,
            97,
            98,
            108,
            101,
            62,
            102,
            97,
            108,
            115,
            101,
            60,
            47,
            100,
            111,
            119,
            110,
            108,
            111,
            97,
            100,
            97,
            98,
            108,
            101,
            62,
            60,
            112,
            101,
            114,
            105,
            111,
            100,
            45,
            111,
            102,
            45,
            118,
            97,
            108,
            105,
            100,
            105,
            116,
            121,
            45,
            100,
            97,
            121,
            115,
            62,
            60,
            47,
            112,
            101,
            114,
            105,
            111,
            100,
            45,
            111,
            102,
            45,
            118,
            97,
            108,
            105,
            100,
            105,
            116,
            121,
            45,
            100,
            97,
            121,
            115,
            62,
            60,
            99,
            111,
            109,
            109,
            101,
            110,
            116,
            45,
            118,
            97,
            108,
            105,
            100,
            105,
            116,
            121,
            45,
            100,
            97,
            121,
            115,
            62,
            60,
            47,
            99,
            111,
            109,
            109,
            101,
            110,
            116,
            45,
            118,
            97,
            108,
            105,
            100,
            105,
            116,
            121,
            45,
            100,
            97,
            121,
            115,
            62,
            60,
            115,
            101,
            114,
            118,
            105,
            99,
            101,
            45,
            108,
            105,
            102,
            101,
            45,
            100,
            97,
            121,
            115,
            62,
            60,
            47,
            115,
            101,
            114,
            118,
            105,
            99,
            101,
            45,
            108,
            105,
            102,
            101,
            45,
            100,
            97,
            121,
            115,
            62,
            60,
            99,
            111,
            109,
            109,
            101,
            110,
            116,
            45,
            108,
            105,
            102,
            101,
            45,
            100,
            97,
            121,
            115,
            62,
            60,
            47,
            99,
            111,
            109,
            109,
            101,
            110,
            116,
            45,
            108,
            105,
            102,
            101,
            45,
            100,
            97,
            121,
            115,
            62,
            60,
            119,
            97,
            114,
            114,
            97,
            110,
            116,
            121,
            45,
            100,
            97,
            121,
            115,
            62,
            60,
            47,
            119,
            97,
            114,
            114,
            97,
            110,
            116,
            121,
            45,
            100,
            97,
            121,
            115,
            62,
            60,
            99,
            111,
            109,
            109,
            101,
            110,
            116,
            45,
            119,
            97,
            114,
            114,
            97,
            110,
            116,
            121,
            62,
            60,
            47,
            99,
            111,
            109,
            109,
            101,
            110,
            116,
            45,
            119,
            97,
            114,
            114,
            97,
            110,
            116,
            121,
            62,
            60,
            109,
            97,
            110,
            117,
            102,
            97,
            99,
            116,
            117,
            114,
            101,
            114,
            95,
            119,
            97,
            114,
            114,
            97,
            110,
            116,
            121,
            62,
            116,
            114,
            117,
            101,
            60,
            47,
            109,
            97,
            110,
            117,
            102,
            97,
            99,
            116,
            117,
            114,
            101,
            114,
            95,
            119,
            97,
            114,
            114,
            97,
            110,
            116,
            121,
            62,
            60,
            99,
            101,
            114,
            116,
            105,
            102,
            105,
            99,
            97,
            116,
            101,
            62,
            49,
            49,
            49,
            60,
            47,
            99,
            101,
            114,
            116,
            105,
            102,
            105,
            99,
            97,
            116,
            101,
            62,
            60,
            119,
            101,
            105,
            103,
            104,
            116,
            62,
            48,
            46,
            49,
            53,
            60,
            47,
            119,
            101,
            105,
            103,
            104,
            116,
            62,
            60,
            100,
            105,
            109,
            101,
            110,
            115,
            105,
            111,
            110,
            115,
            62,
            49,
            50,
            47,
            51,
            50,
            47,
            52,
            51,
            60,
            47,
            100,
            105,
            109,
            101,
            110,
            115,
            105,
            111,
            110,
            115,
            62,
            60,
            98,
            111,
            120,
            67,
            111,
            117,
            110,
            116,
            62,
            49,
            60,
            47,
            98,
            111,
            120,
            67,
            111,
            117,
            110,
            116,
            62,
            60,
            100,
            105,
            115,
            97,
            98,
            108,
            101,
            100,
            62,
            102,
            97,
            108,
            115,
            101,
            60,
            47,
            100,
            105,
            115,
            97,
            98,
            108,
            101,
            100,
            62,
            60,
            97,
            103,
            101,
            32,
            117,
            110,
            105,
            116,
            61,
            34,
            121,
            101,
            97,
            114,
            34,
            62,
            54,
            60,
            47,
            97,
            103,
            101,
            62,
            60,
            116,
            110,
            45,
            118,
            101,
            100,
            45,
            99,
            111,
            100,
            101,
            115,
            62,
            60,
            116,
            110,
            45,
            118,
            101,
            100,
            45,
            99,
            111,
            100,
            101,
            62,
            99,
            111,
            100,
            101,
            60,
            47,
            116,
            110,
            45,
            118,
            101,
            100,
            45,
            99,
            111,
            100,
            101,
            62,
            60,
            47,
            116,
            110,
            45,
            118,
            101,
            100,
            45,
            99,
            111,
            100,
            101,
            115,
            62,
            60,
            47,
            111,
            102,
            102,
            101,
            114,
            62,
          ],
          "type": "Buffer",
        },
        "next": null,
      },
    },
    "closeEmitted": false,
    "closed": false,
    "constructed": true,
    "dataEmitted": false,
    "decoder": null,
    "defaultEncoding": "utf8",
    "destroyed": false,
    "emitClose": true,
    "emittedReadable": false,
    "encoding": null,
    "endEmitted": false,
    "ended": false,
    "errorEmitted": false,
    "errored": null,
    "flowing": null,
    "highWaterMark": 16384,
    "length": 3081,
    "multiAwaitDrain": false,
    "needReadable": false,
    "objectMode": false,
    "pipes": [],
    "readableListening": false,
    "reading": false,
    "readingMore": true,
    "resumeScheduled": false,
    "sync": false,
    Symbol(kPaused): null,
  },
  "_writableState": WritableState {
    "afterWriteTickInfo": {
      "cb": [Function],
      "count": 2,
      "state": [Circular],
      "stream": [Circular],
    },
    "allBuffers": true,
    "allNoop": true,
    "autoDestroy": true,
    "bufferProcessing": false,
    "buffered": [],
    "bufferedIndex": 0,
    "closeEmitted": false,
    "closed": false,
    "constructed": true,
    "corked": 0,
    "decodeStrings": true,
    "defaultEncoding": "utf8",
    "destroyed": false,
    "emitClose": true,
    "ended": false,
    "ending": false,
    "errorEmitted": false,
    "errored": null,
    "finalCalled": false,
    "finished": false,
    "highWaterMark": 16384,
    "length": 0,
    "needDrain": false,
    "objectMode": false,
    "onwrite": [Function],
    "pendingcb": 2,
    "prefinished": false,
    "sync": false,
    "writecb": null,
    "writelen": 0,
    "writing": false,
    Symbol(kOnFinished): [],
  },
  "allowHalfOpen": true,
  Symbol(kCapture): false,
  Symbol(kCallback): null,
}
`;
